// Jest Snapshot v1, https://goo.gl/fbAQLP

exports[`should render correctly: false 1`] = `
<Fragment>
  no
</Fragment>
`;

exports[`should render correctly: object 1`] = `
<table
  className="data"
>
  <tbody>
    <tr
      key="foo"
    >
      <td
        className="thin nowrap"
      >
        foo
      </td>
      <td>
        <SysInfoItem
          name="foo"
          value="Far"
        />
      </td>
    </tr>
    <tr
      key="bar"
    >
      <td
        className="thin nowrap"
      >
        bar
      </td>
      <td>
        <SysInfoItem
          name="bar"
          value={
            Object {
              "a": 1,
              "b": "b",
            }
          }
        />
      </td>
    </tr>
    <tr
      key="baz"
    >
      <td
        className="thin nowrap"
      >
        baz
      </td>
      <td>
        <SysInfoItem
          name="baz"
          value={true}
        />
      </td>
    </tr>
  </tbody>
</table>
`;

exports[`should render correctly: string 1`] = `
<code>
  /some/path/as/an/example
</code>
`;

exports[`should render correctly: true 1`] = `
<Fragment>
  yes
</Fragment>
`;
