// Jest Snapshot v1, https://goo.gl/fbAQLP

exports[`should render correctly: default 1`] = `
<Dropdown
  onOpen={[Function]}
  overlay={
    <ul
      className="menu"
    >
      <li
        className="little-spacer-bottom"
      >
        <ProjectCreationMenuItem
          alm="manual"
        />
      </li>
      <li
        className="bordered-top little-padded-top"
      >
        <Link
          className="display-flex-center"
          onlyActiveOnIndex={false}
          style={Object {}}
          to={
            Object {
              "pathname": "/projects/create",
            }
          }
        >
          <EllipsisIcon
            className="spacer-right"
            size={16}
          />
          more
        </Link>
      </li>
    </ul>
  }
>
  <Button
    className="button-primary"
  >
    projects.add
    <DropdownIcon
      className="spacer-left "
    />
  </Button>
</Dropdown>
`;

exports[`should render correctly: not allowed 1`] = `""`;
