// Jest Snapshot v1, https://goo.gl/fbAQLP

exports[`should render correctly: default 1`] = `
<Step
  finished={false}
  open={true}
  renderForm={[Function]}
  stepNumber={1}
  stepTitle="onboarding.tutorial.ci_outro.all_set.title"
/>
`;

exports[`should render correctly: step content 1`] = `
<div
  className="boxed-group-inner"
>
  <Connect(withAppState(AllSet))
    alm="azure"
    willRefreshAutomatically={true}
  />
</div>
`;
