// Jest Snapshot v1, https://goo.gl/fbAQLP

exports[`should render correctly 1`] = `
<AuditAppRenderer
  downloadStarted={false}
  handleDateSelection={[Function]}
  handleOptionSelection={[Function]}
  handleStartDownload={[Function]}
  housekeepingPolicy="Monthly"
  selection="today"
/>
`;
