// Jest Snapshot v1, https://goo.gl/fbAQLP

exports[`should render correctly 1`] = `
<AlmTabRenderer
  afterSubmit={[Function]}
  almTab="azure"
  branchesEnabled={true}
  definitionStatus={Object {}}
  definitions={
    Array [
      Object {
        "key": "key",
        "personalAccessToken": "asdf1234",
      },
    ]
  }
  loadingAlmDefinitions={false}
  loadingProjectCount={false}
  multipleAlmEnabled={true}
  onCancel={[Function]}
  onCheck={[MockFunction]}
  onCreate={[Function]}
  onDelete={[MockFunction]}
  onEdit={[Function]}
/>
`;
