// Jest Snapshot v1, https://goo.gl/fbAQLP

exports[`should render correctly 1`] = `
<div>
  <DownloadBuildWrapper
    os="linux"
  />
  <DownloadScanner
    os="linux"
  />
  <ExecBuildWrapper
    os="linux"
  />
  <CompilationInfo />
  <ExecScanner
    cfamily={true}
    component={
      Object {
        "breadcrumbs": Array [],
        "key": "projectKey",
        "name": "MyProject",
        "qualifier": "TRK",
        "qualityGate": Object {
          "isDefault": true,
          "key": "30",
          "name": "Sonar way",
        },
        "qualityProfiles": Array [
          Object {
            "deleted": false,
            "key": "my-qp",
            "language": "ts",
            "name": "Sonar way",
          },
        ],
        "tags": Array [],
      }
    }
    host="host"
    os="linux"
    token="token"
  />
</div>
`;
