// Jest Snapshot v1, https://goo.gl/fbAQLP

exports[`renders correctly 1`] = `
<div>
  <h4
    className="spacer-bottom"
  >
    onboarding.analysis.java.maven.header
  </h4>
  <p
    className="spacer-bottom markdown"
  >
    <InstanceMessage
      message="onboarding.analysis.java.maven.text"
    />
  </p>
  <CodeSnippet
    snippet={
      Array [
        "mvn clean verify sonar:sonar",
        "-Dsonar.projectKey=projectKey",
        "-Dsonar.host.url=host",
        "-Dsonar.login=token",
      ]
    }
  />
  <p
    className="big-spacer-top markdown"
  >
    <FormattedMessage
      defaultMessage="onboarding.analysis.docs"
      id="onboarding.analysis.docs"
      values={
        Object {
          "link": <Link
            onlyActiveOnIndex={false}
            style={Object {}}
            target="_blank"
            to="/documentation/analysis/scan/sonarscanner-for-maven/"
          >
            onboarding.analysis.java.maven.docs_link
          </Link>,
        }
      }
    />
  </p>
  <DoneNextSteps
    component={
      Object {
        "breadcrumbs": Array [],
        "key": "projectKey",
        "name": "MyProject",
        "qualifier": "TRK",
        "qualityGate": Object {
          "isDefault": true,
          "key": "30",
          "name": "Sonar way",
        },
        "qualityProfiles": Array [
          Object {
            "deleted": false,
            "key": "my-qp",
            "language": "ts",
            "name": "Sonar way",
          },
        ],
        "tags": Array [],
      }
    }
  />
</div>
`;
